// Jest Snapshot v1, https://goo.gl/fbAQLP

exports[`adds component to docgen collection 1`] = `
"import * as React from \\"react\\";

interface SimpleComponentProps {
  /** Button color. */
  color: \\"blue\\" | \\"green\\";
}

/**
 * A simple component.
 */
export const SimpleComponent: React.FC<SimpleComponentProps> = (props) => (
  <button style={{ backgroundColor: props.color }}>{props.children}</button>
);

try {
    // @ts-ignore
    SimpleComponent.displayName = \\"SimpleComponent\\";
    // @ts-ignore
    SimpleComponent.__docgenInfo = { \\"description\\": \\"A simple component.\\", \\"displayName\\": \\"SimpleComponent\\", \\"props\\": { \\"color\\": { \\"defaultValue\\": null, \\"description\\": \\"Button color.\\", \\"name\\": \\"color\\", \\"required\\": true, \\"type\\": { \\"name\\": \\"\\\\\\"blue\\\\\\" | \\\\\\"green\\\\\\"\\" } } } };
    // @ts-ignore
    if (typeof STORYBOOK_REACT_CLASSES !== \\"undefined\\")
        // @ts-ignore
        STORYBOOK_REACT_CLASSES[\\"Simple.tsx#SimpleComponent\\"] = { docgenInfo: SimpleComponent.__docgenInfo, name: \\"SimpleComponent\\", path: \\"Simple.tsx#SimpleComponent\\" };
}
catch (__react_docgen_typescript_loader_error) { }"
`;

exports[`component fixture DefaultExportComponent.tsx has code block generated 1`] = `
"import * as React from \\"react\\";

interface DefaultPropValueComponentProps {
  /**
   * Button color.
   *
   * @default blue
   **/
  color: \\"blue\\" | \\"green\\";

  /**
   * Button counter.
   */
  counter: number;

  /**
   * Button disabled.
   */
  disabled: boolean;
}

/**
 * Component with a prop with a default value.
 */
export default function DefaultExportComponent(props: React.PropsWithChildren<DefaultPropValueComponentProps) {
  return (<button disabled={props.disabled} style={{ backgroundColor: props.color }}>
    {props.counter}
    {props.children}
  </button>);
}

DefaultExportComponent.defaultProps = {
  counter: 123,
  disabled: false,
};

try {
    // @ts-ignore
    DefaultExportComponent.displayName = \\"DefaultExportComponent\\";
    // @ts-ignore
    DefaultExportComponent.__docgenInfo = { \\"description\\": \\"Component with a prop with a default value.\\", \\"displayName\\": \\"DefaultExportComponent\\", \\"props\\": { \\"color\\": { \\"defaultValue\\": { value: \\"blue\\" }, \\"description\\": \\"Button color.\\", \\"name\\": \\"color\\", \\"required\\": true, \\"type\\": { \\"name\\": \\"\\\\\\"blue\\\\\\" | \\\\\\"green\\\\\\"\\" } }, \\"counter\\": { \\"defaultValue\\": { value: 123 }, \\"description\\": \\"Button counter.\\", \\"name\\": \\"counter\\", \\"required\\": false, \\"type\\": { \\"name\\": \\"number\\" } }, \\"disabled\\": { \\"defaultValue\\": { value: false }, \\"description\\": \\"Button disabled.\\", \\"name\\": \\"disabled\\", \\"required\\": false, \\"type\\": { \\"name\\": \\"boolean\\" } } } };
}
catch (__react_docgen_typescript_loader_error) { }"
`;

exports[`component fixture DefaultExportComponentFC.tsx has code block generated 1`] = `
"import * as React from \\"react\\";

interface DefaultExportComponentFCProps {
  /**
   * Button color.
   *
   * @default blue
   **/
  color: \\"blue\\" | \\"green\\";

  /**
   * Button counter.
   */
  counter: number;

  /**
   * Button disabled.
   */
  disabled: boolean;
}

/**
 * Component with a prop with a default value.
 */
const DefaultExportComponentFC: React.FC<DefaultExportComponentFCProps> = (
  props
) => (
  <button disabled={props.disabled} style={{ backgroundColor: props.color }}>
    {props.counter}
    {props.children}
  </button>
);

export default DefaultExportComponentFC;

try {
    // @ts-ignore
    DefaultExportComponentFC.displayName = \\"DefaultExportComponentFC\\";
    // @ts-ignore
    DefaultExportComponentFC.__docgenInfo = { \\"description\\": \\"Component with a prop with a default value.\\", \\"displayName\\": \\"DefaultExportComponentFC\\", \\"props\\": { \\"color\\": { \\"defaultValue\\": { value: \\"blue\\" }, \\"description\\": \\"Button color.\\", \\"name\\": \\"color\\", \\"required\\": true, \\"type\\": { \\"name\\": \\"\\\\\\"blue\\\\\\" | \\\\\\"green\\\\\\"\\" } }, \\"counter\\": { \\"defaultValue\\": null, \\"description\\": \\"Button counter.\\", \\"name\\": \\"counter\\", \\"required\\": true, \\"type\\": { \\"name\\": \\"number\\" } }, \\"disabled\\": { \\"defaultValue\\": null, \\"description\\": \\"Button disabled.\\", \\"name\\": \\"disabled\\", \\"required\\": true, \\"type\\": { \\"name\\": \\"boolean\\" } } } };
}
catch (__react_docgen_typescript_loader_error) { }"
`;

exports[`component fixture DefaultExportComponentFC2.tsx has code block generated 1`] = `
"import * as React from \\"react\\";

interface DefaultExportComponentFC2Props {
  /**
   * Button color.
   *
   * @default blue
   **/
  color: \\"blue\\" | \\"green\\";

  /**
   * Button counter.
   */
  counter: number;

  /**
   * Button disabled.
   */
  disabled: boolean;
}

/**
 * Component with a prop with a default value.
 */
const DefaultExportComponentFC2 = (
  props: React.PropsWithChildren<DefaultExportComponentFC2Props>
) => (
  <button disabled={props.disabled} style={{ backgroundColor: props.color }}>
    {props.counter}
    {props.children}
  </button>
);

export default DefaultExportComponentFC2;

try {
    // @ts-ignore
    DefaultExportComponentFC2.displayName = \\"DefaultExportComponentFC2\\";
    // @ts-ignore
    DefaultExportComponentFC2.__docgenInfo = { \\"description\\": \\"Component with a prop with a default value.\\", \\"displayName\\": \\"DefaultExportComponentFC2\\", \\"props\\": { \\"color\\": { \\"defaultValue\\": { value: \\"blue\\" }, \\"description\\": \\"Button color.\\", \\"name\\": \\"color\\", \\"required\\": true, \\"type\\": { \\"name\\": \\"\\\\\\"blue\\\\\\" | \\\\\\"green\\\\\\"\\" } }, \\"counter\\": { \\"defaultValue\\": null, \\"description\\": \\"Button counter.\\", \\"name\\": \\"counter\\", \\"required\\": true, \\"type\\": { \\"name\\": \\"number\\" } }, \\"disabled\\": { \\"defaultValue\\": null, \\"description\\": \\"Button disabled.\\", \\"name\\": \\"disabled\\", \\"required\\": true, \\"type\\": { \\"name\\": \\"boolean\\" } } } };
}
catch (__react_docgen_typescript_loader_error) { }"
`;

exports[`component fixture DefaultExportComponentFC3.tsx has code block generated 1`] = `
"import * as React from \\"react\\";

interface DefaultExportComponentFC3Props {
  /**
   * Button color.
   *
   * @default blue
   **/
  color: \\"blue\\" | \\"green\\";

  /**
   * Button counter.
   */
  counter: number;

  /**
   * Button disabled.
   */
  disabled: boolean;
}

/**
 * Component with a prop with a default value.
 */
export const DefaultExportComponentFC3: React.FC<DefaultExportComponentFC3Props> = (
  props
) => (
  <button disabled={props.disabled} style={{ backgroundColor: props.color }}>
    {props.counter}
    {props.children}
  </button>
);

export default DefaultExportComponentFC3;

try {
    // @ts-ignore
    DefaultExportComponentFC3.displayName = \\"DefaultExportComponentFC3\\";
    // @ts-ignore
    DefaultExportComponentFC3.__docgenInfo = { \\"description\\": \\"Component with a prop with a default value.\\", \\"displayName\\": \\"DefaultExportComponentFC3\\", \\"props\\": { \\"color\\": { \\"defaultValue\\": { value: \\"blue\\" }, \\"description\\": \\"Button color.\\", \\"name\\": \\"color\\", \\"required\\": true, \\"type\\": { \\"name\\": \\"\\\\\\"blue\\\\\\" | \\\\\\"green\\\\\\"\\" } }, \\"counter\\": { \\"defaultValue\\": null, \\"description\\": \\"Button counter.\\", \\"name\\": \\"counter\\", \\"required\\": true, \\"type\\": { \\"name\\": \\"number\\" } }, \\"disabled\\": { \\"defaultValue\\": null, \\"description\\": \\"Button disabled.\\", \\"name\\": \\"disabled\\", \\"required\\": true, \\"type\\": { \\"name\\": \\"boolean\\" } } } };
}
catch (__react_docgen_typescript_loader_error) { }"
`;

exports[`component fixture DefaultExportForwardRef.tsx has code block generated 1`] = `
"import * as React from \\"react\\";

interface DefaultExportForwardRefProps {
  /**
   * Button color.
   *
   * @default blue
   **/
  color: \\"blue\\" | \\"green\\";

  /**
   * Button counter.
   */
  counter: number;

  /**
   * Button disabled.
   */
  disabled: boolean;
}

/**
 * Component with a prop with a default value.
 */
const DefaultExportForwardRef = React.forwardRef(
  (props: React.PropsWithChildren<DefaultExportForwardRefProps>, ref) => (
    <button disabled={props.disabled} style={{ backgroundColor: props.color }}>
      {props.counter}
      {props.children}
    </button>
  )
);

export default DefaultExportForwardRef;

try {
    // @ts-ignore
    DefaultExportForwardRef.displayName = \\"DefaultExportForwardRef\\";
    // @ts-ignore
    DefaultExportForwardRef.__docgenInfo = { \\"description\\": \\"Component with a prop with a default value.\\", \\"displayName\\": \\"DefaultExportForwardRef\\", \\"props\\": { \\"color\\": { \\"defaultValue\\": { value: \\"blue\\" }, \\"description\\": \\"Button color.\\", \\"name\\": \\"color\\", \\"required\\": true, \\"type\\": { \\"name\\": \\"\\\\\\"blue\\\\\\" | \\\\\\"green\\\\\\"\\" } }, \\"counter\\": { \\"defaultValue\\": null, \\"description\\": \\"Button counter.\\", \\"name\\": \\"counter\\", \\"required\\": true, \\"type\\": { \\"name\\": \\"number\\" } }, \\"disabled\\": { \\"defaultValue\\": null, \\"description\\": \\"Button disabled.\\", \\"name\\": \\"disabled\\", \\"required\\": true, \\"type\\": { \\"name\\": \\"boolean\\" } }, \\"ref\\": { \\"defaultValue\\": null, \\"description\\": \\"\\", \\"name\\": \\"ref\\", \\"required\\": false, \\"type\\": { \\"name\\": \\"Ref<unknown>\\" } }, \\"key\\": { \\"defaultValue\\": null, \\"description\\": \\"\\", \\"name\\": \\"key\\", \\"required\\": false, \\"type\\": { \\"name\\": \\"Key\\" } } } };
}
catch (__react_docgen_typescript_loader_error) { }"
`;

exports[`component fixture DefaultPropValue.tsx has code block generated 1`] = `
"import * as React from \\"react\\";

interface DefaultPropValueComponentProps {
  /**
   * Button color.
   *
   * @default blue
   **/
  color: \\"blue\\" | \\"green\\";

  /**
   * Button counter.
   */
  counter: number;

  /**
   * Button disabled.
   */
  disabled: boolean;
}

/**
 * Component with a prop with a default value.
 */
export const DefaultPropValueComponent: React.FC<DefaultPropValueComponentProps> = (
  props
) => (
  <button disabled={props.disabled} style={{ backgroundColor: props.color }}>
    {props.counter}
    {props.children}
  </button>
);

DefaultPropValueComponent.defaultProps = {
  counter: 123,
  disabled: false,
};

try {
    // @ts-ignore
    DefaultPropValueComponent.displayName = \\"DefaultPropValueComponent\\";
    // @ts-ignore
    DefaultPropValueComponent.__docgenInfo = { \\"description\\": \\"Component with a prop with a default value.\\", \\"displayName\\": \\"DefaultPropValueComponent\\", \\"props\\": { \\"color\\": { \\"defaultValue\\": { value: \\"blue\\" }, \\"description\\": \\"Button color.\\", \\"name\\": \\"color\\", \\"required\\": true, \\"type\\": { \\"name\\": \\"\\\\\\"blue\\\\\\" | \\\\\\"green\\\\\\"\\" } }, \\"counter\\": { \\"defaultValue\\": { value: 123 }, \\"description\\": \\"Button counter.\\", \\"name\\": \\"counter\\", \\"required\\": false, \\"type\\": { \\"name\\": \\"number\\" } }, \\"disabled\\": { \\"defaultValue\\": { value: false }, \\"description\\": \\"Button disabled.\\", \\"name\\": \\"disabled\\", \\"required\\": false, \\"type\\": { \\"name\\": \\"boolean\\" } } } };
}
catch (__react_docgen_typescript_loader_error) { }"
`;

exports[`component fixture DisplayName.tsx has code block generated 1`] = `
"import * as React from \\"react\\";

interface ButtonComponentProps {
  text: string;
}

export const Button = (props: ButtonComponentProps) => (
  <button>{props.text}</button>
);

Button.displayName = \\"MyButtonDisplayName\\";

try {
    // @ts-ignore
    Button.displayName = \\"MyButtonDisplayName\\";
    // @ts-ignore
    Button.__docgenInfo = { \\"description\\": \\"\\", \\"displayName\\": \\"MyButtonDisplayName\\", \\"props\\": { \\"text\\": { \\"defaultValue\\": null, \\"description\\": \\"\\", \\"name\\": \\"text\\", \\"required\\": true, \\"type\\": { \\"name\\": \\"string\\" } } } };
}
catch (__react_docgen_typescript_loader_error) { }"
`;

exports[`component fixture HyphenatedPropName.tsx has code block generated 1`] = `
"import * as React from \\"react\\";

interface HyphenatedPropNameProps {
  /** Button color. */
  \\"button-color\\": \\"blue\\" | \\"green\\";
}

/**
 * A component with a hyphenated prop name.
 */
export const HyphenatedPropNameComponent: React.FC<HyphenatedPropNameProps> = (
  props
) => (
  <button style={{ backgroundColor: props[\\"button-color\\"] }}>
    {props.children}
  </button>
);

try {
    // @ts-ignore
    HyphenatedPropNameComponent.displayName = \\"HyphenatedPropNameComponent\\";
    // @ts-ignore
    HyphenatedPropNameComponent.__docgenInfo = { \\"description\\": \\"A component with a hyphenated prop name.\\", \\"displayName\\": \\"HyphenatedPropNameComponent\\", \\"props\\": { \\"button-color\\": { \\"defaultValue\\": null, \\"description\\": \\"Button color.\\", \\"name\\": \\"button-color\\", \\"required\\": true, \\"type\\": { \\"name\\": \\"\\\\\\"blue\\\\\\" | \\\\\\"green\\\\\\"\\" } } } };
}
catch (__react_docgen_typescript_loader_error) { }"
`;

exports[`component fixture MarketBad.tsx has code block generated 1`] = `
"import React from 'react';

type Props = {
  title: string;
  market: string;
  isFutures?: boolean;
};

const MarketBad = (props: Props) => {
  return null;
};

export { MarketBad };
try {
    // @ts-ignore
    MarketBad.displayName = \\"MarketBad\\";
    // @ts-ignore
    MarketBad.__docgenInfo = { \\"description\\": \\"\\", \\"displayName\\": \\"MarketBad\\", \\"props\\": { \\"title\\": { \\"defaultValue\\": null, \\"description\\": \\"\\", \\"name\\": \\"title\\", \\"required\\": true, \\"type\\": { \\"name\\": \\"string\\" } }, \\"market\\": { \\"defaultValue\\": null, \\"description\\": \\"\\", \\"name\\": \\"market\\", \\"required\\": true, \\"type\\": { \\"name\\": \\"string\\" } }, \\"isFutures\\": { \\"defaultValue\\": null, \\"description\\": \\"\\", \\"name\\": \\"isFutures\\", \\"required\\": false, \\"type\\": { \\"name\\": \\"boolean\\" } } } };
}
catch (__react_docgen_typescript_loader_error) { }"
`;

exports[`component fixture MultiProps.tsx has code block generated 1`] = `
"import * as React from \\"react\\";

interface MultiPropsComponentProps {
  /** Button color. */
  color: \\"blue\\" | \\"green\\";

  /** Button size. */
  size: \\"small\\" | \\"large\\";
}

/**
 * This is a component with multiple props.
 */
export const MultiPropsComponent: React.FC<MultiPropsComponentProps> = (
  props
) => <button style={{ backgroundColor: props.color }}>{props.children}</button>;

try {
    // @ts-ignore
    MultiPropsComponent.displayName = \\"MultiPropsComponent\\";
    // @ts-ignore
    MultiPropsComponent.__docgenInfo = { \\"description\\": \\"This is a component with multiple props.\\", \\"displayName\\": \\"MultiPropsComponent\\", \\"props\\": { \\"color\\": { \\"defaultValue\\": null, \\"description\\": \\"Button color.\\", \\"name\\": \\"color\\", \\"required\\": true, \\"type\\": { \\"name\\": \\"\\\\\\"blue\\\\\\" | \\\\\\"green\\\\\\"\\" } }, \\"size\\": { \\"defaultValue\\": null, \\"description\\": \\"Button size.\\", \\"name\\": \\"size\\", \\"required\\": true, \\"type\\": { \\"name\\": \\"\\\\\\"small\\\\\\" | \\\\\\"large\\\\\\"\\" } } } };
}
catch (__react_docgen_typescript_loader_error) { }"
`;

exports[`component fixture MultilineDescription.tsx has code block generated 1`] = `
"import * as React from \\"react\\";

interface MultilineDescriptionProps {
  /** Button color. */
  color: \\"blue\\" | \\"green\\";
}

/**
 * A component with a multiline description.
 *
 * Second line.
 */
export const MultilineDescriptionComponent: React.FC<MultilineDescriptionProps> = (
  props
) => <button style={{ backgroundColor: props.color }}>{props.children}</button>;

try {
    // @ts-ignore
    MultilineDescriptionComponent.displayName = \\"MultilineDescriptionComponent\\";
    // @ts-ignore
    MultilineDescriptionComponent.__docgenInfo = { \\"description\\": \\"A component with a multiline description.\\\\n\\\\nSecond line.\\", \\"displayName\\": \\"MultilineDescriptionComponent\\", \\"props\\": { \\"color\\": { \\"defaultValue\\": null, \\"description\\": \\"Button color.\\", \\"name\\": \\"color\\", \\"required\\": true, \\"type\\": { \\"name\\": \\"\\\\\\"blue\\\\\\" | \\\\\\"green\\\\\\"\\" } } } };
}
catch (__react_docgen_typescript_loader_error) { }"
`;

exports[`component fixture MultilinePropDescription.tsx has code block generated 1`] = `
"import * as React from \\"react\\";

interface MultilinePropDescriptionComponentProps {
  /**
   * This is a multiline prop description.
   *
   * Second line.
   */
  color: \\"blue\\" | \\"green\\";
}

/**
 * A component with multiline prop description.
 */
export const MultilinePropDescriptionComponent: React.FC<MultilinePropDescriptionComponentProps> = (
  props
) => <button style={{ backgroundColor: props.color }}>{props.children}</button>;

try {
    // @ts-ignore
    MultilinePropDescriptionComponent.displayName = \\"MultilinePropDescriptionComponent\\";
    // @ts-ignore
    MultilinePropDescriptionComponent.__docgenInfo = { \\"description\\": \\"A component with multiline prop description.\\", \\"displayName\\": \\"MultilinePropDescriptionComponent\\", \\"props\\": { \\"color\\": { \\"defaultValue\\": null, \\"description\\": \\"This is a multiline prop description.\\\\n\\\\nSecond line.\\", \\"name\\": \\"color\\", \\"required\\": true, \\"type\\": { \\"name\\": \\"\\\\\\"blue\\\\\\" | \\\\\\"green\\\\\\"\\" } } } };
}
catch (__react_docgen_typescript_loader_error) { }"
`;

exports[`component fixture Simple.tsx has code block generated 1`] = `
"import * as React from \\"react\\";

interface SimpleComponentProps {
  /** Button color. */
  color: \\"blue\\" | \\"green\\";
}

/**
 * A simple component.
 */
export const SimpleComponent: React.FC<SimpleComponentProps> = (props) => (
  <button style={{ backgroundColor: props.color }}>{props.children}</button>
);

try {
    // @ts-ignore
    SimpleComponent.displayName = \\"SimpleComponent\\";
    // @ts-ignore
    SimpleComponent.__docgenInfo = { \\"description\\": \\"A simple component.\\", \\"displayName\\": \\"SimpleComponent\\", \\"props\\": { \\"color\\": { \\"defaultValue\\": null, \\"description\\": \\"Button color.\\", \\"name\\": \\"color\\", \\"required\\": true, \\"type\\": { \\"name\\": \\"\\\\\\"blue\\\\\\" | \\\\\\"green\\\\\\"\\" } } } };
}
catch (__react_docgen_typescript_loader_error) { }"
`;

exports[`component fixture TextOnlyComponent.tsx has code block generated 1`] = `
"import * as React from \\"react\\";

/**
 * A component with only text content wrapped in a div.
 *
 * Ref: https://github.com/strothj/react-docgen-typescript-loader/issues/7
 */
export const SimpleComponent: React.FC<{}> = () => (
  <div>Test only component</div>
);

try {
    // @ts-ignore
    SimpleComponent.displayName = \\"SimpleComponent\\";
    // @ts-ignore
    SimpleComponent.__docgenInfo = { \\"description\\": \\"A component with only text content wrapped in a div.\\\\n\\\\nRef: https://github.com/strothj/react-docgen-typescript-loader/issues/7\\", \\"displayName\\": \\"SimpleComponent\\", \\"props\\": {} };
}
catch (__react_docgen_typescript_loader_error) { }"
`;

exports[`generates value info for enums 1`] = `
"import * as React from \\"react\\";

interface DefaultPropValueComponentProps {
  /**
   * Button color.
   *
   * @default blue
   **/
  color: \\"blue\\" | \\"green\\";

  /**
   * Button counter.
   */
  counter: number;

  /**
   * Button disabled.
   */
  disabled: boolean;
}

/**
 * Component with a prop with a default value.
 */
export const DefaultPropValueComponent: React.FC<DefaultPropValueComponentProps> = (
  props
) => (
  <button disabled={props.disabled} style={{ backgroundColor: props.color }}>
    {props.counter}
    {props.children}
  </button>
);

DefaultPropValueComponent.defaultProps = {
  counter: 123,
  disabled: false,
};

try {
    // @ts-ignore
    DefaultPropValueComponent.displayName = \\"DefaultPropValueComponent\\";
    // @ts-ignore
    DefaultPropValueComponent.__docgenInfo = { \\"description\\": \\"Component with a prop with a default value.\\", \\"displayName\\": \\"DefaultPropValueComponent\\", \\"props\\": { \\"color\\": { \\"defaultValue\\": { value: \\"blue\\" }, \\"description\\": \\"Button color.\\", \\"name\\": \\"color\\", \\"required\\": true, \\"type\\": { \\"name\\": \\"enum\\", \\"value\\": [{ \\"value\\": \\"\\\\\\"blue\\\\\\"\\" }, { \\"value\\": \\"\\\\\\"green\\\\\\"\\" }] } }, \\"counter\\": { \\"defaultValue\\": { value: 123 }, \\"description\\": \\"Button counter.\\", \\"name\\": \\"counter\\", \\"required\\": false, \\"type\\": { \\"name\\": \\"number\\" } }, \\"disabled\\": { \\"defaultValue\\": { value: false }, \\"description\\": \\"Button disabled.\\", \\"name\\": \\"disabled\\", \\"required\\": false, \\"type\\": { \\"name\\": \\"boolean\\" } } } };
}
catch (__react_docgen_typescript_loader_error) { }"
`;
